hashtable_put k:3  v:1 return: 0
hashtable_put k:13 v:2 return: 0
hashtable_put k:26 v:3 return: 0
hashtable_put k:15 v:4 return: 0
hashtable_put k:25 v:5 return: 0
Hashtable c: 005, m: 010, v: [
  [key:-01(.),val:-01]
  [key:-01(.),val:-01]
  [key:-01(.),val:-01]
  [key:003(.),val:001]
  [key:013(.),val:002]
  [key:015(.),val:004]
  [key:026(.),val:003]
  [key:025(.),val:005]
  [key:-01(.),val:-01]
  [key:-01(.),val:-01]
]
hashtable_remove 15
hashtable_remove 13
Hashtable c: 007, m: 010, v: [
  [key:-01(.),val:-01]
  [key:-01(.),val:-01]
  [key:-01(.),val:-01]
  [key:003(.),val:001]
  [key:-01(.),val:-01]
  [key:025(.),val:005]
  [key:026(.),val:003]
  [key:-01(.),val:-01]
  [key:-01(.),val:-01]
  [key:-01(.),val:-01]
]
hashtable_get  3 return: 1
hashtable_get 26 return: 3
hashtable_get 25 return: 5
