Hashtable c: 005, m: 010, v: [
  [key:029(.),val:002]
  [key:039('),val:003]
  [key:049(1),val:004]
  [key:-01(.),val:-01]
  [key:-01(.),val:-01]
  [key:-01(.),val:-01]
  [key:-01(.),val:-01]
  [key:-01(.),val:-01]
  [key:008(.),val:000]
  [key:018(.),val:001]
]
