Hashtable c: 004, m: 010, v: [
  [key:000(.),val:000]
  [key:-01(.),val:-01]
  [key:-01(.),val:-01]
  [key:003(.),val:001]
  [key:-01(.),val:-01]
  [key:-01(.),val:-01]
  [key:006(.),val:002]
  [key:-01(.),val:-01]
  [key:-01(.),val:-01]
  [key:009(.),val:003]
]
