Value bucket 0
32490
-4370
13610
1030
-23830
Value bucket 1
-19181
10081
-6721
-18301
30461
