-32451
-32290
-31095
-30352
-30140
-28999
-28677
-28271
-27615
-26262
-26206
-24902
-24708
-24661
-24656
-24178
-21807
-21260
-20453
-18653
-18273
-17982
-16165
-15126
-14786
-13819
-12572
-10472
-10325
-8826
-8550
-7078
-6517
-6464
-5923
-5866
-5472
-4451
-4356
-4199
-3118
-2986
-1790
-1593
-1484
-1407
-252
615
716
1583
1751
2316
2884
3241
3357
5485
5539
5846
6423
6686
7528
8921
10230
10344
10386
11625
12050
14487
15283
15889
15943
16600
17149
17587
18149
18547
19102
20183
20443
20476
21612
21722
22710
23839
24123
25719
26213
26354
26726
27646
28373
29629
30471
31795
31811
32589
