Exemple de recherche dans l'index res/test/25/R-btree:
Search AG: res/demo/tp8/R/0.txt
Search DV: res/demo/tp8/R/1.txt
Search IF: res/demo/tp8/R/2.txt
Search LE: res/demo/tp8/R/3.txt
Search OO: res/demo/tp8/R/4.txt
Search RE: res/demo/tp8/R/5.txt
Search SS: res/demo/tp8/R/6.txt
Search XD: res/demo/tp8/R/7.txt
Search ZZ: res/demo/tp8/R/8.txt
