bucket 0
22
4444
-66
-8888
bucket 1
1
333
-5
-777
